TimeQuest Timing Analyzer report for Conv
Sun Nov 14 12:11:24 2021
Quartus II Version 9.1 Build 350 03/24/2010 Service Pack 2 SJ Web Edition


---------------------
; Table of Contents ;
---------------------
  1. Legal Notice
  2. TimeQuest Timing Analyzer Summary
  3. Parallel Compilation
  4. Clocks
  5. Slow 900mV 85C Model Fmax Summary
  6. Slow 900mV 85C Model Setup Summary
  7. Slow 900mV 85C Model Hold Summary
  8. Slow 900mV 85C Model Recovery Summary
  9. Slow 900mV 85C Model Removal Summary
 10. Slow 900mV 85C Model Minimum Pulse Width Summary
 11. Propagation Delay
 12. Minimum Propagation Delay
 13. Slow 900mV 85C Model Metastability Report
 14. Slow 900mV 0C Model Fmax Summary
 15. Slow 900mV 0C Model Setup Summary
 16. Slow 900mV 0C Model Hold Summary
 17. Slow 900mV 0C Model Recovery Summary
 18. Slow 900mV 0C Model Removal Summary
 19. Slow 900mV 0C Model Minimum Pulse Width Summary
 20. Propagation Delay
 21. Minimum Propagation Delay
 22. Slow 900mV 0C Model Metastability Report
 23. Fast 900mV 0C Model Setup Summary
 24. Fast 900mV 0C Model Hold Summary
 25. Fast 900mV 0C Model Recovery Summary
 26. Fast 900mV 0C Model Removal Summary
 27. Fast 900mV 0C Model Minimum Pulse Width Summary
 28. Propagation Delay
 29. Minimum Propagation Delay
 30. Fast 900mV 0C Model Metastability Report
 31. Multicorner Timing Analysis Summary
 32. Progagation Delay
 33. Minimum Progagation Delay
 34. Board Trace Model Assignments
 35. Input Transition Times
 36. Signal Integrity Metrics (Slow 900mv 0c Model)
 37. Signal Integrity Metrics (Slow 900mv 85c Model)
 38. Signal Integrity Metrics (Fast 900mv 0c Model)
 39. Clock Transfers
 40. Report TCCS
 41. Report RSKM
 42. Unconstrained Paths
 43. TimeQuest Timing Analyzer Messages



----------------
; Legal Notice ;
----------------
Copyright (C) 1991-2010 Altera Corporation
Your use of Altera Corporation's design tools, logic functions 
and other software and tools, and its AMPP partner logic 
functions, and any output files from any of the foregoing 
(including device programming or simulation files), and any 
associated documentation or information are expressly subject 
to the terms and conditions of the Altera Program License 
Subscription Agreement, Altera MegaCore Function License 
Agreement, or other applicable license agreement, including, 
without limitation, that your use is for the sole purpose of 
programming logic devices manufactured by Altera and sold by 
Altera or its authorized distributors.  Please refer to the 
applicable agreement for further details.



+-------------------------------------------------------------------------------------+
; TimeQuest Timing Analyzer Summary                                                   ;
+--------------------+----------------------------------------------------------------+
; Quartus II Version ; Version 9.1 Build 350 03/24/2010 Service Pack 2 SJ Web Edition ;
; Revision Name      ; Conv                                                           ;
; Device Family      ; Arria II GX                                                    ;
; Device Name        ; EP2AGX45CU17C4                                                 ;
; Timing Models      ; Preliminary                                                    ;
; Delay Model        ; Combined                                                       ;
; Rise/Fall Delays   ; Enabled                                                        ;
+--------------------+----------------------------------------------------------------+


Parallel compilation was disabled, but you have multiple processors available. Enable parallel compilation to reduce compilation time.
+-------------------------------------+
; Parallel Compilation                ;
+----------------------------+--------+
; Processors                 ; Number ;
+----------------------------+--------+
; Number detected on machine ; 2      ;
; Maximum allowed            ; 1      ;
+----------------------------+--------+


----------
; Clocks ;
----------
No clocks to report.


-------------------------------------
; Slow 900mV 85C Model Fmax Summary ;
-------------------------------------
No paths to report.


--------------------------------------
; Slow 900mV 85C Model Setup Summary ;
--------------------------------------
No paths to report.


-------------------------------------
; Slow 900mV 85C Model Hold Summary ;
-------------------------------------
No paths to report.


-----------------------------------------
; Slow 900mV 85C Model Recovery Summary ;
-----------------------------------------
No paths to report.


----------------------------------------
; Slow 900mV 85C Model Removal Summary ;
----------------------------------------
No paths to report.


----------------------------------------------------
; Slow 900mV 85C Model Minimum Pulse Width Summary ;
----------------------------------------------------
No paths to report.


+----------------------------------------------------+
; Propagation Delay                                  ;
+------------+-------------+-------+----+----+-------+
; Input Port ; Output Port ; RR    ; RF ; FR ; FF    ;
+------------+-------------+-------+----+----+-------+
; B[3]       ; S[3]        ; 6.470 ;    ;    ; 6.623 ;
+------------+-------------+-------+----+----+-------+


+----------------------------------------------------+
; Minimum Propagation Delay                          ;
+------------+-------------+-------+----+----+-------+
; Input Port ; Output Port ; RR    ; RF ; FR ; FF    ;
+------------+-------------+-------+----+----+-------+
; B[3]       ; S[3]        ; 6.155 ;    ;    ; 6.312 ;
+------------+-------------+-------+----+----+-------+


---------------------------------------------
; Slow 900mV 85C Model Metastability Report ;
---------------------------------------------
No synchronizer chains to report.


------------------------------------
; Slow 900mV 0C Model Fmax Summary ;
------------------------------------
No paths to report.


-------------------------------------
; Slow 900mV 0C Model Setup Summary ;
-------------------------------------
No paths to report.


------------------------------------
; Slow 900mV 0C Model Hold Summary ;
------------------------------------
No paths to report.


----------------------------------------
; Slow 900mV 0C Model Recovery Summary ;
----------------------------------------
No paths to report.


---------------------------------------
; Slow 900mV 0C Model Removal Summary ;
---------------------------------------
No paths to report.


---------------------------------------------------
; Slow 900mV 0C Model Minimum Pulse Width Summary ;
---------------------------------------------------
No paths to report.


+----------------------------------------------------+
; Propagation Delay                                  ;
+------------+-------------+-------+----+----+-------+
; Input Port ; Output Port ; RR    ; RF ; FR ; FF    ;
+------------+-------------+-------+----+----+-------+
; B[3]       ; S[3]        ; 5.950 ;    ;    ; 6.090 ;
+------------+-------------+-------+----+----+-------+


+----------------------------------------------------+
; Minimum Propagation Delay                          ;
+------------+-------------+-------+----+----+-------+
; Input Port ; Output Port ; RR    ; RF ; FR ; FF    ;
+------------+-------------+-------+----+----+-------+
; B[3]       ; S[3]        ; 5.702 ;    ;    ; 5.837 ;
+------------+-------------+-------+----+----+-------+


--------------------------------------------
; Slow 900mV 0C Model Metastability Report ;
--------------------------------------------
No synchronizer chains to report.


-------------------------------------
; Fast 900mV 0C Model Setup Summary ;
-------------------------------------
No paths to report.


------------------------------------
; Fast 900mV 0C Model Hold Summary ;
------------------------------------
No paths to report.


----------------------------------------
; Fast 900mV 0C Model Recovery Summary ;
----------------------------------------
No paths to report.


---------------------------------------
; Fast 900mV 0C Model Removal Summary ;
---------------------------------------
No paths to report.


---------------------------------------------------
; Fast 900mV 0C Model Minimum Pulse Width Summary ;
---------------------------------------------------
No paths to report.


+----------------------------------------------------+
; Propagation Delay                                  ;
+------------+-------------+-------+----+----+-------+
; Input Port ; Output Port ; RR    ; RF ; FR ; FF    ;
+------------+-------------+-------+----+----+-------+
; B[3]       ; S[3]        ; 3.985 ;    ;    ; 4.385 ;
+------------+-------------+-------+----+----+-------+


+----------------------------------------------------+
; Minimum Propagation Delay                          ;
+------------+-------------+-------+----+----+-------+
; Input Port ; Output Port ; RR    ; RF ; FR ; FF    ;
+------------+-------------+-------+----+----+-------+
; B[3]       ; S[3]        ; 3.808 ;    ;    ; 4.206 ;
+------------+-------------+-------+----+----+-------+


--------------------------------------------
; Fast 900mV 0C Model Metastability Report ;
--------------------------------------------
No synchronizer chains to report.


+----------------------------------------------------------------------------+
; Multicorner Timing Analysis Summary                                        ;
+------------------+-------+------+----------+---------+---------------------+
; Clock            ; Setup ; Hold ; Recovery ; Removal ; Minimum Pulse Width ;
+------------------+-------+------+----------+---------+---------------------+
; Worst-case Slack ; N/A   ; N/A  ; N/A      ; N/A     ; N/A                 ;
; Design-wide TNS  ; 0.0   ; 0.0  ; 0.0      ; 0.0     ; 0.0                 ;
+------------------+-------+------+----------+---------+---------------------+


+----------------------------------------------------+
; Progagation Delay                                  ;
+------------+-------------+-------+----+----+-------+
; Input Port ; Output Port ; RR    ; RF ; FR ; FF    ;
+------------+-------------+-------+----+----+-------+
; B[3]       ; S[3]        ; 6.470 ;    ;    ; 6.623 ;
+------------+-------------+-------+----+----+-------+


+----------------------------------------------------+
; Minimum Progagation Delay                          ;
+------------+-------------+-------+----+----+-------+
; Input Port ; Output Port ; RR    ; RF ; FR ; FF    ;
+------------+-------------+-------+----+----+-------+
; B[3]       ; S[3]        ; 3.808 ;    ;    ; 4.206 ;
+------------+-------------+-------+----+----+-------+


+------------------------------------------------------------------------------------------------------------------------------------------------------------------------------------------------------------------------------------------------------------------------------------------------------------------------------------------------------------------+
; Board Trace Model Assignments                                                                                                                                                                                                                                                                                                                                    ;
+---------------+--------------+-------------------+-------------------------+-------------------------+---------------+---------------------+----------------+------------------+--------+------------------+------------------------+------------------------+--------------+---------------+-----------------+-------+---------------------+--------------------+
; Pin           ; I/O Standard ; Near Tline Length ; Near Tline L per Length ; Near Tline C per Length ; Near Series R ; Near Differential R ; Near Pull-up R ; Near Pull-down R ; Near C ; Far Tline Length ; Far Tline L per Length ; Far Tline C per Length ; Far Series R ; Far Pull-up R ; Far Pull-down R ; Far C ; Termination Voltage ; Far Differential R ;
+---------------+--------------+-------------------+-------------------------+-------------------------+---------------+---------------------+----------------+------------------+--------+------------------+------------------------+------------------------+--------------+---------------+-----------------+-------+---------------------+--------------------+
; S[0]          ; 2.5 V        ; 0 in              ; 0 H/in                  ; 0 F/in                  ; short         ; -                   ; open           ; open             ; open   ; 0 in             ; 0 H/in                 ; 0 F/in                 ; short        ; open          ; open            ; open  ; 0 V                 ; -                  ;
; S[1]          ; 2.5 V        ; 0 in              ; 0 H/in                  ; 0 F/in                  ; short         ; -                   ; open           ; open             ; open   ; 0 in             ; 0 H/in                 ; 0 F/in                 ; short        ; open          ; open            ; open  ; 0 V                 ; -                  ;
; S[2]          ; 2.5 V        ; 0 in              ; 0 H/in                  ; 0 F/in                  ; short         ; -                   ; open           ; open             ; open   ; 0 in             ; 0 H/in                 ; 0 F/in                 ; short        ; open          ; open            ; open  ; 0 V                 ; -                  ;
; S[3]          ; 2.5 V        ; 0 in              ; 0 H/in                  ; 0 F/in                  ; short         ; -                   ; open           ; open             ; open   ; 0 in             ; 0 H/in                 ; 0 F/in                 ; short        ; open          ; open            ; open  ; 0 V                 ; -                  ;
; ~ALTERA_nCEO~ ; 2.5 V        ; 0 in              ; 0 H/in                  ; 0 F/in                  ; short         ; -                   ; open           ; open             ; open   ; 0 in             ; 0 H/in                 ; 0 F/in                 ; short        ; open          ; open            ; open  ; 0 V                 ; -                  ;
+---------------+--------------+-------------------+-------------------------+-------------------------+---------------+---------------------+----------------+------------------+--------+------------------+------------------------+------------------------+--------------+---------------+-----------------+-------+---------------------+--------------------+


+---------------------------------------------------------+
; Input Transition Times                                  ;
+------+--------------+-----------------+-----------------+
; Pin  ; I/O Standard ; 10-90 Rise Time ; 90-10 Fall Time ;
+------+--------------+-----------------+-----------------+
; B[0] ; 2.5 V        ; 2000 ps         ; 2000 ps         ;
; B[1] ; 2.5 V        ; 2000 ps         ; 2000 ps         ;
; B[2] ; 2.5 V        ; 2000 ps         ; 2000 ps         ;
; B[3] ; 2.5 V        ; 2000 ps         ; 2000 ps         ;
+------+--------------+-----------------+-----------------+


+--------------------------------------------------------------------------------------------------------------------------------------------------------------------------------------------------------------------------------------------------------------------------------------------------------------------------------------------------------------------------------------------------------------------------------------------------------------------------------------------------------------------------------------------------------------------------------------------------------------------------------------------------------------------------------------------+
; Signal Integrity Metrics (Slow 900mv 0c Model)                                                                                                                                                                                                                                                                                                                                                                                                                                                                                                                                                                                                                                             ;
+---------------+--------------+---------------------+---------------------+------------------------------+------------------------------+---------------------+---------------------+--------------------------------------+--------------------------------------+-----------------------------+-----------------------------+----------------------------+----------------------------+-----------------------------+-----------------------------+--------------------+--------------------+-------------------------------------+-------------------------------------+----------------------------+----------------------------+---------------------------+---------------------------+
; Pin           ; I/O Standard ; Board Delay on Rise ; Board Delay on Fall ; Steady State Voh at FPGA Pin ; Steady State Vol at FPGA Pin ; Voh Max at FPGA Pin ; Vol Min at FPGA Pin ; Ringback Voltage on Rise at FPGA Pin ; Ringback Voltage on Fall at FPGA Pin ; 10-90 Rise Time at FPGA Pin ; 90-10 Fall Time at FPGA Pin ; Monotonic Rise at FPGA Pin ; Monotonic Fall at FPGA Pin ; Steady State Voh at Far-end ; Steady State Vol at Far-end ; Voh Max at Far-end ; Vol Min at Far-end ; Ringback Voltage on Rise at Far-end ; Ringback Voltage on Fall at Far-end ; 10-90 Rise Time at Far-end ; 90-10 Fall Time at Far-end ; Monotonic Rise at Far-end ; Monotonic Fall at Far-end ;
+---------------+--------------+---------------------+---------------------+------------------------------+------------------------------+---------------------+---------------------+--------------------------------------+--------------------------------------+-----------------------------+-----------------------------+----------------------------+----------------------------+-----------------------------+-----------------------------+--------------------+--------------------+-------------------------------------+-------------------------------------+----------------------------+----------------------------+---------------------------+---------------------------+
; S[0]          ; 2.5 V        ; 0 s                 ; 0 s                 ; 2.28 V                       ; 1.6e-007 V                   ; 2.31 V              ; -0.0169 V           ; 0.189 V                              ; 0.129 V                              ; 6.31e-010 s                 ; 5.95e-010 s                 ; No                         ; Yes                        ; 2.28 V                      ; 1.6e-007 V                  ; 2.31 V             ; -0.0169 V          ; 0.189 V                             ; 0.129 V                             ; 6.31e-010 s                ; 5.95e-010 s                ; No                        ; Yes                       ;
; S[1]          ; 2.5 V        ; 0 s                 ; 0 s                 ; 2.28 V                       ; 1.6e-007 V                   ; 2.31 V              ; -0.0169 V           ; 0.189 V                              ; 0.129 V                              ; 6.31e-010 s                 ; 5.95e-010 s                 ; No                         ; Yes                        ; 2.28 V                      ; 1.6e-007 V                  ; 2.31 V             ; -0.0169 V          ; 0.189 V                             ; 0.129 V                             ; 6.31e-010 s                ; 5.95e-010 s                ; No                        ; Yes                       ;
; S[2]          ; 2.5 V        ; 0 s                 ; 0 s                 ; 2.28 V                       ; 1.6e-007 V                   ; 2.31 V              ; -0.0169 V           ; 0.189 V                              ; 0.129 V                              ; 6.31e-010 s                 ; 5.95e-010 s                 ; No                         ; Yes                        ; 2.28 V                      ; 1.6e-007 V                  ; 2.31 V             ; -0.0169 V          ; 0.189 V                             ; 0.129 V                             ; 6.31e-010 s                ; 5.95e-010 s                ; No                        ; Yes                       ;
; S[3]          ; 2.5 V        ; 0 s                 ; 0 s                 ; 2.28 V                       ; 1.6e-007 V                   ; 2.31 V              ; -0.0158 V           ; 0.179 V                              ; 0.118 V                              ; 6.24e-010 s                 ; 5.75e-010 s                 ; No                         ; Yes                        ; 2.28 V                      ; 1.6e-007 V                  ; 2.31 V             ; -0.0158 V          ; 0.179 V                             ; 0.118 V                             ; 6.24e-010 s                ; 5.75e-010 s                ; No                        ; Yes                       ;
; ~ALTERA_nCEO~ ; 2.5 V        ; 0 s                 ; 0 s                 ; 2.28 V                       ; 1.88e-007 V                  ; 2.31 V              ; -0.0134 V           ; 0.24 V                               ; 0.121 V                              ; 5.35e-010 s                 ; 6.81e-010 s                 ; No                         ; Yes                        ; 2.28 V                      ; 1.88e-007 V                 ; 2.31 V             ; -0.0134 V          ; 0.24 V                              ; 0.121 V                             ; 5.35e-010 s                ; 6.81e-010 s                ; No                        ; Yes                       ;
+---------------+--------------+---------------------+---------------------+------------------------------+------------------------------+---------------------+---------------------+--------------------------------------+--------------------------------------+-----------------------------+-----------------------------+----------------------------+----------------------------+-----------------------------+-----------------------------+--------------------+--------------------+-------------------------------------+-------------------------------------+----------------------------+----------------------------+---------------------------+---------------------------+


+--------------------------------------------------------------------------------------------------------------------------------------------------------------------------------------------------------------------------------------------------------------------------------------------------------------------------------------------------------------------------------------------------------------------------------------------------------------------------------------------------------------------------------------------------------------------------------------------------------------------------------------------------------------------------------------------+
; Signal Integrity Metrics (Slow 900mv 85c Model)                                                                                                                                                                                                                                                                                                                                                                                                                                                                                                                                                                                                                                            ;
+---------------+--------------+---------------------+---------------------+------------------------------+------------------------------+---------------------+---------------------+--------------------------------------+--------------------------------------+-----------------------------+-----------------------------+----------------------------+----------------------------+-----------------------------+-----------------------------+--------------------+--------------------+-------------------------------------+-------------------------------------+----------------------------+----------------------------+---------------------------+---------------------------+
; Pin           ; I/O Standard ; Board Delay on Rise ; Board Delay on Fall ; Steady State Voh at FPGA Pin ; Steady State Vol at FPGA Pin ; Voh Max at FPGA Pin ; Vol Min at FPGA Pin ; Ringback Voltage on Rise at FPGA Pin ; Ringback Voltage on Fall at FPGA Pin ; 10-90 Rise Time at FPGA Pin ; 90-10 Fall Time at FPGA Pin ; Monotonic Rise at FPGA Pin ; Monotonic Fall at FPGA Pin ; Steady State Voh at Far-end ; Steady State Vol at Far-end ; Voh Max at Far-end ; Vol Min at Far-end ; Ringback Voltage on Rise at Far-end ; Ringback Voltage on Fall at Far-end ; 10-90 Rise Time at Far-end ; 90-10 Fall Time at Far-end ; Monotonic Rise at Far-end ; Monotonic Fall at Far-end ;
+---------------+--------------+---------------------+---------------------+------------------------------+------------------------------+---------------------+---------------------+--------------------------------------+--------------------------------------+-----------------------------+-----------------------------+----------------------------+----------------------------+-----------------------------+-----------------------------+--------------------+--------------------+-------------------------------------+-------------------------------------+----------------------------+----------------------------+---------------------------+---------------------------+
; S[0]          ; 2.5 V        ; 0 s                 ; 0 s                 ; 2.28 V                       ; 1.82e-005 V                  ; 2.3 V               ; -0.0104 V           ; 0.164 V                              ; 0.148 V                              ; 7.46e-010 s                 ; 7.17e-010 s                 ; Yes                        ; Yes                        ; 2.28 V                      ; 1.82e-005 V                 ; 2.3 V              ; -0.0104 V          ; 0.164 V                             ; 0.148 V                             ; 7.46e-010 s                ; 7.17e-010 s                ; Yes                       ; Yes                       ;
; S[1]          ; 2.5 V        ; 0 s                 ; 0 s                 ; 2.28 V                       ; 1.82e-005 V                  ; 2.3 V               ; -0.0104 V           ; 0.164 V                              ; 0.148 V                              ; 7.46e-010 s                 ; 7.17e-010 s                 ; Yes                        ; Yes                        ; 2.28 V                      ; 1.82e-005 V                 ; 2.3 V              ; -0.0104 V          ; 0.164 V                             ; 0.148 V                             ; 7.46e-010 s                ; 7.17e-010 s                ; Yes                       ; Yes                       ;
; S[2]          ; 2.5 V        ; 0 s                 ; 0 s                 ; 2.28 V                       ; 1.82e-005 V                  ; 2.3 V               ; -0.0104 V           ; 0.164 V                              ; 0.148 V                              ; 7.46e-010 s                 ; 7.17e-010 s                 ; Yes                        ; Yes                        ; 2.28 V                      ; 1.82e-005 V                 ; 2.3 V              ; -0.0104 V          ; 0.164 V                             ; 0.148 V                             ; 7.46e-010 s                ; 7.17e-010 s                ; Yes                       ; Yes                       ;
; S[3]          ; 2.5 V        ; 0 s                 ; 0 s                 ; 2.28 V                       ; 1.82e-005 V                  ; 2.3 V               ; -0.00984 V          ; 0.155 V                              ; 0.133 V                              ; 7.34e-010 s                 ; 6.97e-010 s                 ; No                         ; Yes                        ; 2.28 V                      ; 1.82e-005 V                 ; 2.3 V              ; -0.00984 V         ; 0.155 V                             ; 0.133 V                             ; 7.34e-010 s                ; 6.97e-010 s                ; No                        ; Yes                       ;
; ~ALTERA_nCEO~ ; 2.5 V        ; 0 s                 ; 0 s                 ; 2.28 V                       ; 2.14e-005 V                  ; 2.3 V               ; -0.00784 V          ; 0.198 V                              ; 0.091 V                              ; 6.5e-010 s                  ; 8.32e-010 s                 ; Yes                        ; Yes                        ; 2.28 V                      ; 2.14e-005 V                 ; 2.3 V              ; -0.00784 V         ; 0.198 V                             ; 0.091 V                             ; 6.5e-010 s                 ; 8.32e-010 s                ; Yes                       ; Yes                       ;
+---------------+--------------+---------------------+---------------------+------------------------------+------------------------------+---------------------+---------------------+--------------------------------------+--------------------------------------+-----------------------------+-----------------------------+----------------------------+----------------------------+-----------------------------+-----------------------------+--------------------+--------------------+-------------------------------------+-------------------------------------+----------------------------+----------------------------+---------------------------+---------------------------+


+--------------------------------------------------------------------------------------------------------------------------------------------------------------------------------------------------------------------------------------------------------------------------------------------------------------------------------------------------------------------------------------------------------------------------------------------------------------------------------------------------------------------------------------------------------------------------------------------------------------------------------------------------------------------------------------------+
; Signal Integrity Metrics (Fast 900mv 0c Model)                                                                                                                                                                                                                                                                                                                                                                                                                                                                                                                                                                                                                                             ;
+---------------+--------------+---------------------+---------------------+------------------------------+------------------------------+---------------------+---------------------+--------------------------------------+--------------------------------------+-----------------------------+-----------------------------+----------------------------+----------------------------+-----------------------------+-----------------------------+--------------------+--------------------+-------------------------------------+-------------------------------------+----------------------------+----------------------------+---------------------------+---------------------------+
; Pin           ; I/O Standard ; Board Delay on Rise ; Board Delay on Fall ; Steady State Voh at FPGA Pin ; Steady State Vol at FPGA Pin ; Voh Max at FPGA Pin ; Vol Min at FPGA Pin ; Ringback Voltage on Rise at FPGA Pin ; Ringback Voltage on Fall at FPGA Pin ; 10-90 Rise Time at FPGA Pin ; 90-10 Fall Time at FPGA Pin ; Monotonic Rise at FPGA Pin ; Monotonic Fall at FPGA Pin ; Steady State Voh at Far-end ; Steady State Vol at Far-end ; Voh Max at Far-end ; Vol Min at Far-end ; Ringback Voltage on Rise at Far-end ; Ringback Voltage on Fall at Far-end ; 10-90 Rise Time at Far-end ; 90-10 Fall Time at Far-end ; Monotonic Rise at Far-end ; Monotonic Fall at Far-end ;
+---------------+--------------+---------------------+---------------------+------------------------------+------------------------------+---------------------+---------------------+--------------------------------------+--------------------------------------+-----------------------------+-----------------------------+----------------------------+----------------------------+-----------------------------+-----------------------------+--------------------+--------------------+-------------------------------------+-------------------------------------+----------------------------+----------------------------+---------------------------+---------------------------+
; S[0]          ; 2.5 V        ; 0 s                 ; 0 s                 ; 2.62 V                       ; 1.04e-006 V                  ; 2.67 V              ; -0.034 V            ; 0.226 V                              ; 0.183 V                              ; 5.1e-010 s                  ; 4.94e-010 s                 ; No                         ; Yes                        ; 2.62 V                      ; 1.04e-006 V                 ; 2.67 V             ; -0.034 V           ; 0.226 V                             ; 0.183 V                             ; 5.1e-010 s                 ; 4.94e-010 s                ; No                        ; Yes                       ;
; S[1]          ; 2.5 V        ; 0 s                 ; 0 s                 ; 2.62 V                       ; 1.04e-006 V                  ; 2.67 V              ; -0.034 V            ; 0.226 V                              ; 0.183 V                              ; 5.1e-010 s                  ; 4.94e-010 s                 ; No                         ; Yes                        ; 2.62 V                      ; 1.04e-006 V                 ; 2.67 V             ; -0.034 V           ; 0.226 V                             ; 0.183 V                             ; 5.1e-010 s                 ; 4.94e-010 s                ; No                        ; Yes                       ;
; S[2]          ; 2.5 V        ; 0 s                 ; 0 s                 ; 2.62 V                       ; 1.04e-006 V                  ; 2.67 V              ; -0.034 V            ; 0.226 V                              ; 0.183 V                              ; 5.1e-010 s                  ; 4.94e-010 s                 ; No                         ; Yes                        ; 2.62 V                      ; 1.04e-006 V                 ; 2.67 V             ; -0.034 V           ; 0.226 V                             ; 0.183 V                             ; 5.1e-010 s                 ; 4.94e-010 s                ; No                        ; Yes                       ;
; S[3]          ; 2.5 V        ; 0 s                 ; 0 s                 ; 2.62 V                       ; 1.05e-006 V                  ; 2.67 V              ; -0.0325 V           ; 0.215 V                              ; 0.169 V                              ; 5.06e-010 s                 ; 4.87e-010 s                 ; No                         ; No                         ; 2.62 V                      ; 1.05e-006 V                 ; 2.67 V             ; -0.0325 V          ; 0.215 V                             ; 0.169 V                             ; 5.06e-010 s                ; 4.87e-010 s                ; No                        ; No                        ;
; ~ALTERA_nCEO~ ; 2.5 V        ; 0 s                 ; 0 s                 ; 2.62 V                       ; 1.23e-006 V                  ; 2.67 V              ; -0.0275 V           ; 0.311 V                              ; 0.158 V                              ; 4.17e-010 s                 ; 5.98e-010 s                 ; No                         ; No                         ; 2.62 V                      ; 1.23e-006 V                 ; 2.67 V             ; -0.0275 V          ; 0.311 V                             ; 0.158 V                             ; 4.17e-010 s                ; 5.98e-010 s                ; No                        ; No                        ;
+---------------+--------------+---------------------+---------------------+------------------------------+------------------------------+---------------------+---------------------+--------------------------------------+--------------------------------------+-----------------------------+-----------------------------+----------------------------+----------------------------+-----------------------------+-----------------------------+--------------------+--------------------+-------------------------------------+-------------------------------------+----------------------------+----------------------------+---------------------------+---------------------------+


-------------------
; Clock Transfers ;
-------------------
Nothing to report.


---------------
; Report TCCS ;
---------------
No dedicated SERDES Transmitter circuitry present in device or used in design


---------------
; Report RSKM ;
---------------
No dedicated SERDES Receiver circuitry present in device or used in design


+------------------------------------------------+
; Unconstrained Paths                            ;
+---------------------------------+-------+------+
; Property                        ; Setup ; Hold ;
+---------------------------------+-------+------+
; Illegal Clocks                  ; 0     ; 0    ;
; Unconstrained Clocks            ; 0     ; 0    ;
; Unconstrained Input Ports       ; 1     ; 1    ;
; Unconstrained Input Port Paths  ; 1     ; 1    ;
; Unconstrained Output Ports      ; 1     ; 1    ;
; Unconstrained Output Port Paths ; 1     ; 1    ;
+---------------------------------+-------+------+


+------------------------------------+
; TimeQuest Timing Analyzer Messages ;
+------------------------------------+
Info: *******************************************************************
Info: Running Quartus II TimeQuest Timing Analyzer
    Info: Version 9.1 Build 350 03/24/2010 Service Pack 2 SJ Web Edition
    Info: Processing started: Sun Nov 14 12:11:17 2021
Info: Command: quartus_sta Conv -c Conv
Info: qsta_default_script.tcl version: #1
Info: high junction temperature operating condition is not set. Assuming a default value of '85'.
Info: low junction temperature operating condition is not set. Assuming a default value of '0'.
Critical Warning: Synopsys Design Constraints File file not found: 'Conv.sdc'. A Synopsys Design Constraints File is required by the TimeQuest Timing Analyzer to get proper timing constraints. Without it, the Compiler will not properly optimize the design.
Info: No user constrained base clocks found in the design. Calling "derive_clocks -period 1.0"
Info: The command derive_clocks did not find any clocks to derive.  No clocks were created or changed.
Warning: No clocks defined in design.
Info: No user constrained clock uncertainty found in the design. Calling "derive_clock_uncertainty"
Warning: Clock uncertainty characteristics of the Arria II GX device family are preliminary
Info: The derive_clock_uncertainty command did not apply clock uncertainty to any clock-to-clock transfers.
Info: No clocks to report
Info: Analyzing Slow 900mV 85C Model
Info: No fmax paths to report
Info: No Setup paths to report
Info: No Hold paths to report
Info: No Recovery paths to report
Info: No Removal paths to report
Info: No Minimum Pulse Width paths to report
Info: Analyzing Slow 900mV 0C Model
Info: Started post-fitting delay annotation
Warning: Timing characteristics of device EP2AGX45CU17C4 are preliminary
Info: Delay annotation completed successfully
Info: No user constrained base clocks found in the design. Calling "derive_clocks -period 1.0"
Info: The command derive_clocks did not find any clocks to derive.  No clocks were created or changed.
Warning: No clocks defined in design.
Warning: Clock uncertainty characteristics of the Arria II GX device family are preliminary
Info: The derive_clock_uncertainty command did not apply clock uncertainty to any clock-to-clock transfers.
Info: No fmax paths to report
Info: No Setup paths to report
Info: No Hold paths to report
Info: No Recovery paths to report
Info: No Removal paths to report
Info: No Minimum Pulse Width paths to report
Info: Analyzing Fast 900mV 0C Model
Info: No user constrained base clocks found in the design. Calling "derive_clocks -period 1.0"
Info: The command derive_clocks did not find any clocks to derive.  No clocks were created or changed.
Warning: No clocks defined in design.
Warning: Clock uncertainty characteristics of the Arria II GX device family are preliminary
Info: The derive_clock_uncertainty command did not apply clock uncertainty to any clock-to-clock transfers.
Info: No Setup paths to report
Info: No Hold paths to report
Info: No Recovery paths to report
Info: No Removal paths to report
Info: No Minimum Pulse Width paths to report
Info: Design is not fully constrained for setup requirements
Info: Design is not fully constrained for hold requirements
Info: Quartus II TimeQuest Timing Analyzer was successful. 0 errors, 8 warnings
    Info: Peak virtual memory: 440 megabytes
    Info: Processing ended: Sun Nov 14 12:11:24 2021
    Info: Elapsed time: 00:00:07
    Info: Total CPU time (on all processors): 00:00:06


